#-----------------------------------------------------------
# Vivado v2018.2 (64-bit)
# SW Build 2258646 on Thu Jun 14 20:03:12 MDT 2018
# IP Build 2256618 on Thu Jun 14 22:10:49 MDT 2018
# Start of session at: Mon Mar  3 15:00:41 2025
# Process ID: 6384
# Current directory: C:/Users/Wasif Hassan/Downloads/FYP/latest_skencode/check
# Command line: vivado.exe -gui_launcher_event rodinguilauncherevent9832 C:\Users\Wasif Hassan\Downloads\FYP\latest_skencode\check\check.xpr
# Log file: C:/Users/Wasif Hassan/Downloads/FYP/latest_skencode/check/vivado.log
# Journal file: C:/Users/Wasif Hassan/Downloads/FYP/latest_skencode/check\vivado.jou
#-----------------------------------------------------------
start_gui
open_project {C:/Users/Wasif Hassan/Downloads/FYP/latest_skencode/check/check.xpr}
update_compile_order -fileset sources_1
launch_simulation
create_project sKencode {C:/Users/Wasif Hassan/Downloads/FYP/latest_skencode/sKencode} -part xc7a100tcsg324-1
add_files {{C:/Users/Wasif Hassan/Downloads/FYP/latest_skencode/check/check.srcs/sources_1/new/bitpack.sv} {C:/Users/Wasif Hassan/Downloads/FYP/latest_skencode/check/check.srcs/sources_1/new/dilithium_pkg.v} {C:/Users/Wasif Hassan/Downloads/FYP/latest_skencode/check/check.srcs/sim_1/new/tb_bp.sv} {C:/Users/Wasif Hassan/Downloads/FYP/latest_skencode/check/check.srcs/sim_1/new/test_topp.sv} {C:/Users/Wasif Hassan/Downloads/FYP/latest_skencode/check/check.srcs/sim_1/new/tb_sk.sv} {C:/Users/Wasif Hassan/Downloads/FYP/latest_skencode/check/check.srcs/sim_1/new/test_top.sv} {C:/Users/Wasif Hassan/Downloads/FYP/latest_skencode/check/check.srcs/sources_1/new/skEncode.sv} {C:/Users/Wasif Hassan/Downloads/FYP/latest_skencode/check/check.srcs/sources_1/new/top_bp.sv}}
update_compile_order -fileset sources_1
set_property file_type SystemVerilog [get_files  {{C:/Users/Wasif Hassan/Downloads/FYP/latest_skencode/check/check.srcs/sources_1/new/dilithium_pkg.v}}]
launch_simulation
launch_simulation
launch_simulation
launch_simulation
source tb_skEncode.tcl
update_compile_order -fileset sources_1
current_project check
update_compile_order -fileset sources_1
current_project sKencode
current_project check
update_compile_order -fileset sources_1
current_project sKencode
update_compile_order -fileset sources_1
close_sim
close_project
