#-----------------------------------------------------------
# Vivado v2018.2 (64-bit)
# SW Build 2258646 on Thu Jun 14 20:03:12 MDT 2018
# IP Build 2256618 on Thu Jun 14 22:10:49 MDT 2018
# Start of session at: Thu Mar 13 17:35:41 2025
# Process ID: 9756
# Current directory: G:/sign_internal
# Command line: vivado.exe -gui_launcher_event rodinguilauncherevent15320 G:\sign_internal\sign_internal.xpr
# Log file: G:/sign_internal/vivado.log
# Journal file: G:/sign_internal\vivado.jou
#-----------------------------------------------------------
start_gui
open_project G:/sign_internal/sign_internal.xpr
update_compile_order -fileset sources_1
launch_simulation
source sign.tcl
current_wave_config {Untitled 1}
add_wave {{/sign/uut/initiator}} 
current_wave_config {Untitled 1}
add_wave {{/sign/uut/nttdone}} 
current_wave_config {Untitled 1}
add_wave {{/sign/uut/rst_ntt}} 
current_wave_config {Untitled 1}
add_wave {{/sign/uut/ntt_disabler}} 
current_wave_config {Untitled 1}
add_wave {{/sign/uut/s1_ntt_done}} 
current_wave_config {Untitled 1}
add_wave {{/sign/uut/s2_ntt_done}} 
current_wave_config {Untitled 1}
add_wave {{/sign/uut/counts1}} 
current_wave_config {Untitled 1}
add_wave {{/sign/uut/count_rst}} 
current_wave_config {Untitled 1}
add_wave {{/sign/uut/w}} 
current_wave_config {Untitled 1}
add_wave {{/sign/uut/w_hat}} 
current_wave_config {Untitled 1}
add_wave {{/sign/uut/t0}} 
current_wave_config {Untitled 1}
add_wave {{/sign/uut/NTT/length}} 
current_wave_config {Untitled 1}
add_wave {{/sign/uut/NTT/j}} 
relaunch_sim
relaunch_sim
relaunch_sim
