#-----------------------------------------------------------
# Vivado v2018.2 (64-bit)
# SW Build 2258646 on Thu Jun 14 20:03:12 MDT 2018
# IP Build 2256618 on Thu Jun 14 22:10:49 MDT 2018
# Start of session at: Wed Apr 16 19:53:44 2025
# Process ID: 11940
# Current directory: H:/Store_Athestia/Athestia/sign_internal
# Command line: vivado.exe -gui_launcher_event rodinguilauncherevent10912 H:\Store_Athestia\Athestia\sign_internal\sign_internal.xpr
# Log file: H:/Store_Athestia/Athestia/sign_internal/vivado.log
# Journal file: H:/Store_Athestia/Athestia/sign_internal\vivado.jou
#-----------------------------------------------------------
start_gui
open_project H:/Store_Athestia/Athestia/sign_internal/sign_internal.xpr
update_compile_order -fileset sources_1
update_compile_order -fileset sources_1
launch_simulation
source sign.tcl
relaunch_sim
relaunch_sim
relaunch_sim
relaunch_sim
update_compile_order -fileset sources_1
update_compile_order -fileset sources_1
relaunch_sim
relaunch_sim
relaunch_sim
current_wave_config {Untitled 1}
add_wave {{/sign/uut/counts1}} 
current_wave_config {Untitled 1}
add_wave {{/sign/uut/nttinv_rst}} 
current_wave_config {Untitled 1}
add_wave {{/sign/uut/inv_disabler}} 
current_wave_config {Untitled 1}
add_wave {{/sign/uut/nttinv_done}} 
current_wave_config {Untitled 1}
add_wave {{/sign/uut/nttinv_w}} 
current_wave_config {Untitled 1}
add_wave {{/sign/uut/nttinv_w_hat}} 
current_wave_config {Untitled 1}
add_wave {{/sign/uut/poly_nttinv}} 
current_wave_config {Untitled 1}
add_wave {{/sign/uut/poly_nttinv[0]}} 
current_wave_config {Untitled 1}
add_wave {{/sign/uut/poly_nttinv[6]}} 
run all
current_wave_config {Untitled 1}
add_wave {{/sign/uut/v_c_hat_done}} 
relaunch_sim
close_sim
