#-----------------------------------------------------------
# Vivado v2018.2 (64-bit)
# SW Build 2258646 on Thu Jun 14 20:03:12 MDT 2018
# IP Build 2256618 on Thu Jun 14 22:10:49 MDT 2018
# Start of session at: Tue Apr  1 17:03:14 2025
# Process ID: 9492
# Current directory: C:/Users/masfiyan/Documents/GitHub/Athestia
# Command line: vivado.exe -gui_launcher_event rodinguilauncherevent7176 C:\Users\masfiyan\Documents\GitHub\Athestia\shake.xpr
# Log file: C:/Users/masfiyan/Documents/GitHub/Athestia/vivado.log
# Journal file: C:/Users/masfiyan/Documents/GitHub/Athestia\vivado.jou
#-----------------------------------------------------------
start_gui
open_project C:/Users/masfiyan/Documents/GitHub/Athestia/shake.xpr
update_compile_order -fileset sources_1
add_files C:/Users/masfiyan/Documents/GitHub/Athestia/shake.srcs/sources_1/new/shake2.sv C:/Users/masfiyan/Documents/GitHub/Athestia/shake.srcs/sim_1/new/tb_shake2.sv
update_compile_order -fileset sources_1
# Disabling source management mode.  This is to allow the top design properties to be set without GUI intervention.
set_property source_mgmt_mode None [current_project]
set_property top tb_spongee [get_filesets sim_1]
set_property top_lib xil_defaultlib [get_filesets sim_1]
# Re-enabling previously disabled source management mode.
set_property source_mgmt_mode All [current_project]
update_compile_order -fileset sim_1
launch_simulation
source tb_spongee.tcl
relaunch_sim
