#-----------------------------------------------------------
# Vivado v2018.2 (64-bit)
# SW Build 2258646 on Thu Jun 14 20:02:38 MDT 2018
# IP Build 2256618 on Thu Jun 14 22:10:49 MDT 2018
# Start of session at: Sat Feb 15 08:30:35 2025
# Process ID: 1645928
# Current directory: /home/mlatif/Athestia
# Command line: vivado
# Log file: /home/mlatif/Athestia/vivado.log
# Journal file: /home/mlatif/Athestia/vivado.jou
#-----------------------------------------------------------
start_gui
open_project /home/mlatif/Athestia/simpleBitUnpack/simpleHintUnpack.xpr
update_compile_order -fileset sources_1
launch_simulation
source tb_PolynomialConverter.tcl
reset_run synth_1
launch_runs synth_1 -jobs 16
wait_on_run synth_1
close_sim
launch_simulation
source tb_PolynomialConverter.tcl
reset_run synth_1
launch_runs synth_1 -jobs 16
wait_on_run synth_1
reset_run synth_1
launch_runs synth_1 -jobs 16
wait_on_run synth_1
launch_runs impl_1 -jobs 16
wait_on_run impl_1
open_run synth_1 -name synth_1
close_design
open_run impl_1
reset_run synth_1
launch_runs synth_1 -jobs 16
wait_on_run synth_1
reset_run synth_1
launch_runs synth_1 -jobs 16
wait_on_run synth_1
reset_run synth_1
launch_runs synth_1 -jobs 16
wait_on_run synth_1
