#-----------------------------------------------------------
# Vivado v2018.2 (64-bit)
# SW Build 2258646 on Thu Jun 14 20:03:12 MDT 2018
# IP Build 2256618 on Thu Jun 14 22:10:49 MDT 2018
# Start of session at: Thu Dec 26 14:56:36 2024
# Process ID: 19200
# Current directory: E:/pkencode_2
# Command line: vivado.exe -gui_launcher_event rodinguilauncherevent14384 E:\pkencode_2\pkencode.xpr
# Log file: E:/pkencode_2/vivado.log
# Journal file: E:/pkencode_2\vivado.jou
#-----------------------------------------------------------
start_gui
open_project E:/pkencode_2/pkencode.xpr
update_compile_order -fileset sources_1
open_hw
connect_hw_server
open_hw_target
set_property PROGRAM.FILE {E:/pkencode_2/pkencode.runs/impl_1/top.bit} [get_hw_devices xc7a100t_0]
current_hw_device [get_hw_devices xc7a100t_0]
refresh_hw_device -update_hw_probes false [lindex [get_hw_devices xc7a100t_0] 0]
set_property PROBES.FILE {} [get_hw_devices xc7a100t_0]
set_property FULL_PROBES.FILE {} [get_hw_devices xc7a100t_0]
set_property PROGRAM.FILE {E:/pkencode_2/pkencode.runs/impl_1/top.bit} [get_hw_devices xc7a100t_0]
program_hw_devices [get_hw_devices xc7a100t_0]
refresh_hw_device [lindex [get_hw_devices xc7a100t_0] 0]
set_property PROBES.FILE {} [get_hw_devices xc7a100t_0]
set_property FULL_PROBES.FILE {} [get_hw_devices xc7a100t_0]
set_property PROGRAM.FILE {E:/pkencode_2/pkencode.runs/impl_1/top.bit} [get_hw_devices xc7a100t_0]
program_hw_devices [get_hw_devices xc7a100t_0]
refresh_hw_device [lindex [get_hw_devices xc7a100t_0] 0]
set_property PROBES.FILE {} [get_hw_devices xc7a100t_0]
set_property FULL_PROBES.FILE {} [get_hw_devices xc7a100t_0]
set_property PROGRAM.FILE {E:/skdecode/skdecode.runs/impl_1/top.bit} [get_hw_devices xc7a100t_0]
program_hw_devices [get_hw_devices xc7a100t_0]
refresh_hw_device [lindex [get_hw_devices xc7a100t_0] 0]
set_property PROBES.FILE {} [get_hw_devices xc7a100t_0]
set_property FULL_PROBES.FILE {} [get_hw_devices xc7a100t_0]
set_property PROGRAM.FILE {E:/useHint/useHint.runs/impl_1/top.bit} [get_hw_devices xc7a100t_0]
program_hw_devices [get_hw_devices xc7a100t_0]
refresh_hw_device [lindex [get_hw_devices xc7a100t_0] 0]
open_project E:/makeHint/makeHint.xpr
current_project pkencode
close_project
update_compile_order -fileset sources_1
close [ open E:/makeHint/makeHint.srcs/sources_1/new/top.sv w ]
add_files E:/makeHint/makeHint.srcs/sources_1/new/top.sv
update_compile_order -fileset sources_1
set_property is_enabled false [get_files  E:/makeHint/makeHint.srcs/sim_1/new/tb.sv]
update_compile_order -fileset sources_1
set_property SOURCE_SET sources_1 [get_filesets sim_1]
close [ open E:/makeHint/makeHint.srcs/sim_1/new/tb_t.sv w ]
add_files -fileset sim_1 E:/makeHint/makeHint.srcs/sim_1/new/tb_t.sv
update_compile_order -fileset sim_1
launch_simulation
source tb_top_three_bytes.tcl
update_compile_order -fileset sim_1
set_property is_enabled false [get_files  E:/makeHint/makeHint.srcs/sim_1/new/tb_t.sv]
launch_runs impl_1 -to_step write_bitstream -jobs 4
wait_on_run impl_1
file mkdir E:/makeHint/makeHint.srcs/constrs_1
file mkdir E:/makeHint/makeHint.srcs/constrs_1/new
close [ open E:/makeHint/makeHint.srcs/constrs_1/new/constraint.xdc w ]
add_files -fileset constrs_1 E:/makeHint/makeHint.srcs/constrs_1/new/constraint.xdc
open_run synth_1 -name synth_1
reset_run impl_1
launch_runs impl_1 -jobs 4
wait_on_run impl_1
open_run impl_1
close_sim
